{"run": "enabled-0-1", "enabled": false, "repeat": 1, "accepted": true, "exit_code": 0, "host_wall_seconds": 1.3182457499788143, "clint_mmio_excluded": 0, "tcp": {"request_bytes": 128, "unique_response_bytes": 11680, "packets": 25}, "switches": [], "audit": {"events": 405933, "operations": {"I": 325254, "R": 48726, "W": 31953}, "cycles": 1038745, "ns": 2077490, "costs": {"l1i": 326659, "l1d": 80679, "l2": 268728, "ram_read": 11196, "ram_write": 351483}, "stream_sha256": "7bc89fe0e77a2511b3a14746cbadc4243dba059d32843cccd1b4f6f360c50653"}, "measurement": {"case": "tcp_request_response", "before": 3014, "after": 6269, "before_tick": 0, "ticks": 0, "work": 11680, "woke": 0, "observer_tick": 0, "observer_mtime": 0}}
{"run": "enabled-0-2", "enabled": false, "repeat": 2, "accepted": true, "exit_code": 0, "host_wall_seconds": 0.19352162501309067, "clint_mmio_excluded": 0, "tcp": {"request_bytes": 128, "unique_response_bytes": 11680, "packets": 25}, "switches": [], "audit": {"events": 405933, "operations": {"I": 325254, "R": 48726, "W": 31953}, "cycles": 1038745, "ns": 2077490, "costs": {"l1i": 326659, "l1d": 80679, "l2": 268728, "ram_read": 11196, "ram_write": 351483}, "stream_sha256": "7bc89fe0e77a2511b3a14746cbadc4243dba059d32843cccd1b4f6f360c50653"}, "measurement": {"case": "tcp_request_response", "before": 3014, "after": 6269, "before_tick": 0, "ticks": 0, "work": 11680, "woke": 0, "observer_tick": 0, "observer_mtime": 0}}
{"run": "enabled-0-3", "enabled": false, "repeat": 3, "accepted": true, "exit_code": 0, "host_wall_seconds": 0.19826700002886355, "clint_mmio_excluded": 0, "tcp": {"request_bytes": 128, "unique_response_bytes": 11680, "packets": 25}, "switches": [], "audit": {"events": 405933, "operations": {"I": 325254, "R": 48726, "W": 31953}, "cycles": 1038745, "ns": 2077490, "costs": {"l1i": 326659, "l1d": 80679, "l2": 268728, "ram_read": 11196, "ram_write": 351483}, "stream_sha256": "7bc89fe0e77a2511b3a14746cbadc4243dba059d32843cccd1b4f6f360c50653"}, "measurement": {"case": "tcp_request_response", "before": 3014, "after": 6269, "before_tick": 0, "ticks": 0, "work": 11680, "woke": 0, "observer_tick": 0, "observer_mtime": 0}}
{"run": "enabled-1-1", "enabled": true, "repeat": 1, "accepted": true, "exit_code": 0, "host_wall_seconds": 0.4260492080356926, "clint_mmio_excluded": 33, "tcp": {"request_bytes": 128, "unique_response_bytes": 11680, "packets": 25}, "switches": [{"name": "tcp_observer", "mtime": 23057}, {"name": "tcp_session", "mtime": 23411}], "audit": {"events": 412217, "operations": {"I": 329805, "R": 49741, "W": 32671}, "cycles": 1063892, "ns": 2127784, "costs": {"l1i": 331239, "l1d": 82412, "l2": 276208, "ram_read": 14652, "ram_write": 359381}, "stream_sha256": "e8f0710cb88fd2e5ced607238d13221207c895089ed0ac7dc5adbd11ab5c6e36"}, "measurement": {"case": "tcp_request_response", "before": 3014, "after": 27593, "before_tick": 0, "ticks": 2, "work": 11680, "woke": 1, "observer_tick": 2, "observer_mtime": 23075}}
{"run": "enabled-1-2", "enabled": true, "repeat": 2, "accepted": true, "exit_code": 0, "host_wall_seconds": 0.5331628330168314, "clint_mmio_excluded": 33, "tcp": {"request_bytes": 128, "unique_response_bytes": 11680, "packets": 25}, "switches": [{"name": "tcp_observer", "mtime": 23057}, {"name": "tcp_session", "mtime": 23411}], "audit": {"events": 412217, "operations": {"I": 329805, "R": 49741, "W": 32671}, "cycles": 1063892, "ns": 2127784, "costs": {"l1i": 331239, "l1d": 82412, "l2": 276208, "ram_read": 14652, "ram_write": 359381}, "stream_sha256": "e8f0710cb88fd2e5ced607238d13221207c895089ed0ac7dc5adbd11ab5c6e36"}, "measurement": {"case": "tcp_request_response", "before": 3014, "after": 27593, "before_tick": 0, "ticks": 2, "work": 11680, "woke": 1, "observer_tick": 2, "observer_mtime": 23075}}
{"run": "enabled-1-3", "enabled": true, "repeat": 3, "accepted": true, "exit_code": 0, "host_wall_seconds": 0.4591282920446247, "clint_mmio_excluded": 33, "tcp": {"request_bytes": 128, "unique_response_bytes": 11680, "packets": 25}, "switches": [{"name": "tcp_observer", "mtime": 23057}, {"name": "tcp_session", "mtime": 23411}], "audit": {"events": 412217, "operations": {"I": 329805, "R": 49741, "W": 32671}, "cycles": 1063892, "ns": 2127784, "costs": {"l1i": 331239, "l1d": 82412, "l2": 276208, "ram_read": 14652, "ram_write": 359381}, "stream_sha256": "e8f0710cb88fd2e5ced607238d13221207c895089ed0ac7dc5adbd11ab5c6e36"}, "measurement": {"case": "tcp_request_response", "before": 3014, "after": 27593, "before_tick": 0, "ticks": 2, "work": 11680, "woke": 1, "observer_tick": 2, "observer_mtime": 23075}}
[
  {
    "accepted": true,
    "repeat": 1,
    "extra_guest_ns": 2132400,
    "injected_service_ns": 2127784,
    "extra_instruction_ns": 4551,
    "expected_extra_ns": 2132335,
    "error_ns": 65,
    "tolerance_ns": 200,
    "active_ticks": 2,
    "observer_tick": 2
  },
  {
    "accepted": true,
    "repeat": 2,
    "extra_guest_ns": 2132400,
    "injected_service_ns": 2127784,
    "extra_instruction_ns": 4551,
    "expected_extra_ns": 2132335,
    "error_ns": 65,
    "tolerance_ns": 200,
    "active_ticks": 2,
    "observer_tick": 2
  },
  {
    "accepted": true,
    "repeat": 3,
    "extra_guest_ns": 2132400,
    "injected_service_ns": 2127784,
    "extra_instruction_ns": 4551,
    "expected_extra_ns": 2132335,
    "error_ns": 65,
    "tolerance_ns": 200,
    "active_ticks": 2,
    "observer_tick": 2
  }
]
