test_compulsory_conflict_capacity (tests.unit.test_tcp_misses.MissTests.test_compulsory_conflict_capacity) ... FAIL
test_hit_updates_shadow_recency (tests.unit.test_tcp_misses.MissTests.test_hit_updates_shadow_recency) ... FAIL

======================================================================
FAIL: test_compulsory_conflict_capacity (tests.unit.test_tcp_misses.MissTests.test_compulsory_conflict_capacity)
----------------------------------------------------------------------
Traceback (most recent call last):
  File "/Users/swchen.tw/git/percepio/poc/tests/unit/test_tcp_misses.py", line 8, in test_compulsory_conflict_capacity
    self.assertTrue(hasattr(tcp_hotspots, 'MissClassifier'), 'Classifier not implemented')
    ~~~~~~~~~~~~~~~^^^^^^^^^^^^^^^^^^^^^^^^^^^^^^^^^^^^^^^^^^^^^^^^^^^^^^^^^^^^^^^^^^^^^^^
AssertionError: False is not true : Classifier not implemented

======================================================================
FAIL: test_hit_updates_shadow_recency (tests.unit.test_tcp_misses.MissTests.test_hit_updates_shadow_recency)
----------------------------------------------------------------------
Traceback (most recent call last):
  File "/Users/swchen.tw/git/percepio/poc/tests/unit/test_tcp_misses.py", line 18, in test_hit_updates_shadow_recency
    self.assertTrue(hasattr(tcp_hotspots, 'MissClassifier'), 'Classifier not implemented')
    ~~~~~~~~~~~~~~~^^^^^^^^^^^^^^^^^^^^^^^^^^^^^^^^^^^^^^^^^^^^^^^^^^^^^^^^^^^^^^^^^^^^^^^
AssertionError: False is not true : Classifier not implemented

----------------------------------------------------------------------
Ran 2 tests in 0.001s

FAILED (failures=2)
