test_compulsory_conflict_capacity (tests.unit.test_tcp_misses.MissTests.test_compulsory_conflict_capacity) ... ok
test_cross_line_write_misses_and_pc_attribution (tests.unit.test_tcp_misses.MissTests.test_cross_line_write_misses_and_pc_attribution) ... ok
test_hit_updates_shadow_recency (tests.unit.test_tcp_misses.MissTests.test_hit_updates_shadow_recency) ... ok
test_native_cost_mismatch_is_rejected (tests.unit.test_tcp_misses.MissTests.test_native_cost_mismatch_is_rejected) ... ok
test_small_trace_audit_rejects_default_geometry (tests.unit.test_tcp_misses.MissTests.test_small_trace_audit_rejects_default_geometry) ... ok
test_checksum_alignment_tail_and_carry (tests.unit.test_tcp_os_candidates.OsCandidateTests.test_checksum_alignment_tail_and_carry) ... ok
test_pbuf_chain_empty_segments_and_bad_payload (tests.unit.test_tcp_os_candidates.OsCandidateTests.test_pbuf_chain_empty_segments_and_bad_payload) ... ok
test_rv32_endpoint_avoids_division_setup (tests.unit.test_tcp_os_candidates.OsCandidateTests.test_rv32_endpoint_avoids_division_setup) ... ok
test_cold_warm_split_l1_and_write_through (tests.unit.test_live_timing.LiveTimingTests.test_cold_warm_split_l1_and_write_through) ... ok
test_cross_line_and_lru_conflicts (tests.unit.test_live_timing.LiveTimingTests.test_cross_line_and_lru_conflicts) ... ok
test_invalid_request_preserves_cache_state (tests.unit.test_live_timing.LiveTimingTests.test_invalid_request_preserves_cache_state) ... ok
test_mixed_seeded_stream (tests.unit.test_live_timing.LiveTimingTests.test_mixed_seeded_stream) ... ok
test_cold_warm_split_l1_and_write_through (tests.unit.test_live_timing.SmallLiveTimingTests.test_cold_warm_split_l1_and_write_through) ... ok
test_cross_line_and_lru_conflicts (tests.unit.test_live_timing.SmallLiveTimingTests.test_cross_line_and_lru_conflicts) ... ok
test_invalid_request_preserves_cache_state (tests.unit.test_live_timing.SmallLiveTimingTests.test_invalid_request_preserves_cache_state) ... ok
test_mixed_seeded_stream (tests.unit.test_live_timing.SmallLiveTimingTests.test_mixed_seeded_stream) ... ok
test_small_cache_eviction_differs_from_original (tests.unit.test_live_timing.SmallLiveTimingTests.test_small_cache_eviction_differs_from_original) ... ok

----------------------------------------------------------------------
Ran 17 tests in 4.299s

OK
