context_capabilities registers=259 mcause_matches=1
live_cache_mmio pc=2147519372 address=33570816 size=4 op=W
live_cache_mmio pc=2147519374 address=33570820 size=4 op=W
live_cache_mmio pc=2147519376 address=33570816 size=4 op=W
live_cache_mmio pc=2147493412 address=33603580 size=4 op=R
live_cache_mmio pc=2147493414 address=33603576 size=4 op=R
live_cache_mmio pc=2147493416 address=33603580 size=4 op=R
live_cache_mmio pc=2147519372 address=33570816 size=4 op=W
live_cache_mmio pc=2147519374 address=33570820 size=4 op=W
live_cache_mmio pc=2147519376 address=33570816 size=4 op=W
live_cache_mmio pc=2147493412 address=33603580 size=4 op=R
live_cache_mmio pc=2147493414 address=33603576 size=4 op=R
live_cache_mmio pc=2147493416 address=33603580 size=4 op=R
live_cache_mmio pc=2147493412 address=33603580 size=4 op=R
live_cache_mmio pc=2147493414 address=33603576 size=4 op=R
live_cache_mmio pc=2147493416 address=33603580 size=4 op=R
live_cache_mmio pc=2147493412 address=33603580 size=4 op=R
live_cache_mmio pc=2147493414 address=33603576 size=4 op=R
live_cache_mmio pc=2147493416 address=33603580 size=4 op=R
live_cache_mmio pc=2147493412 address=33603580 size=4 op=R
live_cache_mmio pc=2147493414 address=33603576 size=4 op=R
live_cache_mmio pc=2147493416 address=33603580 size=4 op=R
live_cache_mmio pc=2147493412 address=33603580 size=4 op=R
live_cache_mmio pc=2147493414 address=33603576 size=4 op=R
live_cache_mmio pc=2147493416 address=33603580 size=4 op=R
live_cache_mmio pc=2147493412 address=33603580 size=4 op=R
live_cache_mmio pc=2147493414 address=33603576 size=4 op=R
live_cache_mmio pc=2147493416 address=33603580 size=4 op=R
live_cache_mmio pc=2147493412 address=33603580 size=4 op=R
live_cache_mmio pc=2147493414 address=33603576 size=4 op=R
live_cache_mmio pc=2147493416 address=33603580 size=4 op=R
live_cache_mmio pc=2147493412 address=33603580 size=4 op=R
live_cache_mmio pc=2147493414 address=33603576 size=4 op=R
live_cache_mmio pc=2147493416 address=33603580 size=4 op=R
live_cache_mmio pc=2147519372 address=33570816 size=4 op=W
live_cache_mmio pc=2147519374 address=33570820 size=4 op=W
live_cache_mmio pc=2147519376 address=33570816 size=4 op=W
live_cache_mmio pc=2147493412 address=33603580 size=4 op=R
live_cache_mmio pc=2147493414 address=33603576 size=4 op=R
live_cache_mmio pc=2147493416 address=33603580 size=4 op=R
live_cache_complete events=540539 cycles=1416518 api_calls=540539
live_cache_mmio_count=39
