/Users/swchen.tw/git/percepio/poc/.venv/lib/python3.13/site-packages/fastapi/testclient.py:1: StarletteDeprecationWarning: Using `httpx` with `starlette.testclient` is deprecated; install `httpx2` instead.
  from starlette.testclient import TestClient as TestClient  # noqa
E...E....................E....E.............E....EE...EEE.
======================================================================
ERROR: test_analysis (unittest.loader._FailedTest.test_analysis)
----------------------------------------------------------------------
ImportError: Failed to import test module: test_analysis
Traceback (most recent call last):
  File "/Library/Frameworks/Python.framework/Versions/3.13/lib/python3.13/unittest/loader.py", line 396, in _find_test_path
    module = self._get_module_from_name(name)
  File "/Library/Frameworks/Python.framework/Versions/3.13/lib/python3.13/unittest/loader.py", line 339, in _get_module_from_name
    __import__(name)
    ~~~~~~~~~~^^^^^^
  File "/Users/swchen.tw/git/percepio/poc/tests/unit/test_analysis.py", line 5, in <module>
    from tests.fixtures.semantic_traces import event, schedule_trace
ModuleNotFoundError: No module named 'tests'


======================================================================
ERROR: test_binary (unittest.loader._FailedTest.test_binary)
----------------------------------------------------------------------
ImportError: Failed to import test module: test_binary
Traceback (most recent call last):
  File "/Library/Frameworks/Python.framework/Versions/3.13/lib/python3.13/unittest/loader.py", line 396, in _find_test_path
    module = self._get_module_from_name(name)
  File "/Library/Frameworks/Python.framework/Versions/3.13/lib/python3.13/unittest/loader.py", line 339, in _get_module_from_name
    __import__(name)
    ~~~~~~~~~~^^^^^^
  File "/Users/swchen.tw/git/percepio/poc/tests/unit/test_binary.py", line 8, in <module>
    from tests.fixtures.binary import event, stream
ModuleNotFoundError: No module named 'tests'


======================================================================
ERROR: test_decode_cli (unittest.loader._FailedTest.test_decode_cli)
----------------------------------------------------------------------
ImportError: Failed to import test module: test_decode_cli
Traceback (most recent call last):
  File "/Library/Frameworks/Python.framework/Versions/3.13/lib/python3.13/unittest/loader.py", line 396, in _find_test_path
    module = self._get_module_from_name(name)
  File "/Library/Frameworks/Python.framework/Versions/3.13/lib/python3.13/unittest/loader.py", line 339, in _get_module_from_name
    __import__(name)
    ~~~~~~~~~~^^^^^^
  File "/Users/swchen.tw/git/percepio/poc/tests/unit/test_decode_cli.py", line 8, in <module>
    from tests.unit.test_binary import FIXTURE
ModuleNotFoundError: No module named 'tests'


======================================================================
ERROR: test_export (unittest.loader._FailedTest.test_export)
----------------------------------------------------------------------
ImportError: Failed to import test module: test_export
Traceback (most recent call last):
  File "/Library/Frameworks/Python.framework/Versions/3.13/lib/python3.13/unittest/loader.py", line 396, in _find_test_path
    module = self._get_module_from_name(name)
  File "/Library/Frameworks/Python.framework/Versions/3.13/lib/python3.13/unittest/loader.py", line 339, in _get_module_from_name
    __import__(name)
    ~~~~~~~~~~^^^^^^
  File "/Users/swchen.tw/git/percepio/poc/tests/unit/test_export.py", line 6, in <module>
    from tests.fixtures.query_trace import trace_250
ModuleNotFoundError: No module named 'tests'


======================================================================
ERROR: test_offline (unittest.loader._FailedTest.test_offline)
----------------------------------------------------------------------
ImportError: Failed to import test module: test_offline
Traceback (most recent call last):
  File "/Library/Frameworks/Python.framework/Versions/3.13/lib/python3.13/unittest/loader.py", line 396, in _find_test_path
    module = self._get_module_from_name(name)
  File "/Library/Frameworks/Python.framework/Versions/3.13/lib/python3.13/unittest/loader.py", line 339, in _get_module_from_name
    __import__(name)
    ~~~~~~~~~~^^^^^^
  File "/Users/swchen.tw/git/percepio/poc/tests/unit/test_offline.py", line 14, in <module>
    from tests.fixtures.query_trace import trace_250
ModuleNotFoundError: No module named 'tests'


======================================================================
ERROR: test_query (unittest.loader._FailedTest.test_query)
----------------------------------------------------------------------
ImportError: Failed to import test module: test_query
Traceback (most recent call last):
  File "/Library/Frameworks/Python.framework/Versions/3.13/lib/python3.13/unittest/loader.py", line 396, in _find_test_path
    module = self._get_module_from_name(name)
  File "/Library/Frameworks/Python.framework/Versions/3.13/lib/python3.13/unittest/loader.py", line 339, in _get_module_from_name
    __import__(name)
    ~~~~~~~~~~^^^^^^
  File "/Users/swchen.tw/git/percepio/poc/tests/unit/test_query.py", line 5, in <module>
    from tests.fixtures.query_trace import trace_250
ModuleNotFoundError: No module named 'tests'


======================================================================
ERROR: test_review_regressions (unittest.loader._FailedTest.test_review_regressions)
----------------------------------------------------------------------
ImportError: Failed to import test module: test_review_regressions
Traceback (most recent call last):
  File "/Library/Frameworks/Python.framework/Versions/3.13/lib/python3.13/unittest/loader.py", line 396, in _find_test_path
    module = self._get_module_from_name(name)
  File "/Library/Frameworks/Python.framework/Versions/3.13/lib/python3.13/unittest/loader.py", line 339, in _get_module_from_name
    __import__(name)
    ~~~~~~~~~~^^^^^^
  File "/Users/swchen.tw/git/percepio/poc/tests/unit/test_review_regressions.py", line 12, in <module>
    from tests.fixtures.binary import event, stream
ModuleNotFoundError: No module named 'tests'


======================================================================
ERROR: test_semantic (unittest.loader._FailedTest.test_semantic)
----------------------------------------------------------------------
ImportError: Failed to import test module: test_semantic
Traceback (most recent call last):
  File "/Library/Frameworks/Python.framework/Versions/3.13/lib/python3.13/unittest/loader.py", line 396, in _find_test_path
    module = self._get_module_from_name(name)
  File "/Library/Frameworks/Python.framework/Versions/3.13/lib/python3.13/unittest/loader.py", line 339, in _get_module_from_name
    __import__(name)
    ~~~~~~~~~~^^^^^^
  File "/Users/swchen.tw/git/percepio/poc/tests/unit/test_semantic.py", line 6, in <module>
    from tests.fixtures.binary import event, stream
ModuleNotFoundError: No module named 'tests'


======================================================================
ERROR: test_server (unittest.loader._FailedTest.test_server)
----------------------------------------------------------------------
ImportError: Failed to import test module: test_server
Traceback (most recent call last):
  File "/Library/Frameworks/Python.framework/Versions/3.13/lib/python3.13/unittest/loader.py", line 396, in _find_test_path
    module = self._get_module_from_name(name)
  File "/Library/Frameworks/Python.framework/Versions/3.13/lib/python3.13/unittest/loader.py", line 339, in _get_module_from_name
    __import__(name)
    ~~~~~~~~~~^^^^^^
  File "/Users/swchen.tw/git/percepio/poc/tests/unit/test_server.py", line 10, in <module>
    from tests.unit.test_store import FIXTURE
ModuleNotFoundError: No module named 'tests'


======================================================================
ERROR: test_store (unittest.loader._FailedTest.test_store)
----------------------------------------------------------------------
ImportError: Failed to import test module: test_store
Traceback (most recent call last):
  File "/Library/Frameworks/Python.framework/Versions/3.13/lib/python3.13/unittest/loader.py", line 396, in _find_test_path
    module = self._get_module_from_name(name)
  File "/Library/Frameworks/Python.framework/Versions/3.13/lib/python3.13/unittest/loader.py", line 339, in _get_module_from_name
    __import__(name)
    ~~~~~~~~~~^^^^^^
  File "/Users/swchen.tw/git/percepio/poc/tests/unit/test_store.py", line 7, in <module>
    FIXTURE = Path("fixtures/desktop/trace.psf").read_bytes()
  File "/Library/Frameworks/Python.framework/Versions/3.13/lib/python3.13/pathlib/_abc.py", line 625, in read_bytes
    with self.open(mode='rb') as f:
         ~~~~~~~~~^^^^^^^^^^^
  File "/Library/Frameworks/Python.framework/Versions/3.13/lib/python3.13/pathlib/_local.py", line 537, in open
    return io.open(self, mode, buffering, encoding, errors, newline)
           ~~~~~~~^^^^^^^^^^^^^^^^^^^^^^^^^^^^^^^^^^^^^^^^^^^^^^^^^^
FileNotFoundError: [Errno 2] No such file or directory: 'fixtures/desktop/trace.psf'


----------------------------------------------------------------------
Ran 58 tests in 9.499s

FAILED (errors=10)
