/Users/swchen.tw/git/percepio/poc/.venv/lib/python3.13/site-packages/fastapi/testclient.py:1: StarletteDeprecationWarning: Using `httpx` with `starlette.testclient` is deprecated; install `httpx2` instead.
  from starlette.testclient import TestClient as TestClient  # noqa
test_empty_zero_frequency_and_large_ticks (test_analysis.AnalysisTests.test_empty_zero_frequency_and_large_ticks) ... ok
test_gap_invalidates_adjacent_interval_until_switch (test_analysis.AnalysisTests.test_gap_invalidates_adjacent_interval_until_switch) ... ok
test_known_schedule_and_no_mutation (test_analysis.AnalysisTests.test_known_schedule_and_no_mutation) ... ok
test_object_epochs_and_unknown_actor (test_analysis.AnalysisTests.test_object_epochs_and_unknown_actor) ... ok
test_response_and_execution_are_distinct (test_analysis.AnalysisTests.test_response_and_execution_are_distinct) ... ok
test_unfinished_request_and_open_tail (test_analysis.AnalysisTests.test_unfinished_request_and_open_tail) ... ok
test_unknown_prefix_and_same_timestamp (test_analysis.AnalysisTests.test_unknown_prefix_and_same_timestamp) ... ok
test_fixed_binary_is_supported_and_deterministic (test_benchmark.BenchmarkTests.test_fixed_binary_is_supported_and_deterministic) ... ok
test_invalid_counts_and_empty_durations (test_benchmark.BenchmarkTests.test_invalid_counts_and_empty_durations) ... ok
test_subprocess_measurements_finite_and_separated (test_benchmark.BenchmarkTests.test_subprocess_measurements_finite_and_separated) ... ok
test_desktop_boundaries_and_hash (test_binary.BinaryTests.test_desktop_boundaries_and_hash) ... ok
test_entry_name_padding_keeps_raw_bytes (test_binary.BinaryTests.test_entry_name_padding_keeps_raw_bytes) ... ok
test_event_truncation_strict_and_partial (test_binary.BinaryTests.test_event_truncation_strict_and_partial) ... ok
test_header_truncation_every_byte (test_binary.BinaryTests.test_header_truncation_every_byte) ... ok
test_metadata_truncation_even_in_partial_mode (test_binary.BinaryTests.test_metadata_truncation_even_in_partial_mode) ... ok
test_restart_is_rejected_without_guessing (test_binary.BinaryTests.test_restart_is_rejected_without_guessing) ... ok
test_rv32_offsets_and_raw_payload (test_binary.BinaryTests.test_rv32_offsets_and_raw_payload) ... ok
test_unbounded_metadata_is_rejected (test_binary.BinaryTests.test_unbounded_metadata_is_rejected) ... ok
test_unknown_id_and_maximum_words_preserved (test_binary.BinaryTests.test_unknown_id_and_maximum_words_preserved) ... ok
test_wrong_magic_version_and_big_endian_are_rejected (test_binary.BinaryTests.test_wrong_magic_version_and_big_endian_are_rejected) ... ok
test_zero_frequency_is_visible (test_binary.BinaryTests.test_zero_frequency_is_visible) ... ok
test_cold_warm_reads_writes (test_cache_model.CacheModelTests.test_cold_warm_reads_writes) ... ok
test_conflict_l2_retains (test_cache_model.CacheModelTests.test_conflict_l2_retains) ... ok
test_cross_line_write_allocate (test_cache_model.CacheModelTests.test_cross_line_write_allocate) ... ok
test_empty_without_l2 (test_cache_model.CacheModelTests.test_empty_without_l2) ... ok
test_invalid_access (test_cache_model.CacheModelTests.test_invalid_access) ... ok
test_invalid_geometry (test_cache_model.CacheModelTests.test_invalid_geometry) ... ok
test_line_sizes_must_match (test_cache_model.CacheModelTests.test_line_sizes_must_match) ... ok
test_lru (test_cache_model.CacheModelTests.test_lru) ... ok
test_repeated_bytes_count_once_per_residency (test_cache_model.CacheModelTests.test_repeated_bytes_count_once_per_residency) ... ok
test_spatial_use_separates_evicted_and_resident (test_cache_model.CacheModelTests.test_spatial_use_separates_evicted_and_resident) ... ok
test_actual_model_hash_attached (test_cache_report.CacheReportTests.test_actual_model_hash_attached) ... ok
test_cache_api (test_cache_report.CacheReportTests.test_cache_api) ... ok
test_script_escape (test_cache_report.CacheReportTests.test_script_escape) ... ok
test_swapped_case_directories_rejected (test_cache_report.CacheReportTests.test_swapped_case_directories_rejected) ... ok
test_tampered_accesses_rejected (test_cache_report.CacheReportTests.test_tampered_accesses_rejected) ... ok
test_verified_dataset (test_cache_report.CacheReportTests.test_verified_dataset) ... ok
test_caller_cannot_mutate_contract (test_cache_suites.SuiteTests.test_caller_cannot_mutate_contract) ... ok
test_layout_same_work (test_cache_suites.SuiteTests.test_layout_same_work) ... ok
test_legacy_matrix_contract (test_cache_suites.SuiteTests.test_legacy_matrix_contract) ... ok
test_unknown_rejected (test_cache_suites.SuiteTests.test_unknown_rejected) ... ok
test_give_breaks_cycle (test_deadlock_assertions.DeadlockAssertionTests.test_give_breaks_cycle) ... ok
test_missing_edge_cannot_prove_deadlock (test_deadlock_assertions.DeadlockAssertionTests.test_missing_edge_cannot_prove_deadlock) ... ok
test_quiet_or_loss_never_proves_deadlock (test_deadlock_assertions.DeadlockAssertionTests.test_quiet_or_loss_never_proves_deadlock) ... ok
test_two_owner_wait_edges_prove_cycle (test_deadlock_assertions.DeadlockAssertionTests.test_two_owner_wait_edges_prove_cycle) ... ok
test_decode_writes_json (test_decode_cli.DecodeCLITests.test_decode_writes_json) ... ok
test_invalid_input_does_not_write_success (test_decode_cli.DecodeCLITests.test_invalid_input_does_not_write_success) ... ok
test_markdown_links_images_and_immutable_baseline (test_docs_validation.DocsValidationTests.test_markdown_links_images_and_immutable_baseline) ... ok
test_missing_tool_fails_preflight (test_doctor.DoctorTests.test_missing_tool_fails_preflight) ... ok
test_real_executable_is_identified (test_doctor.DoctorTests.test_real_executable_is_identified) ... ok
test_version_command_failure_is_not_available (test_doctor.DoctorTests.test_version_command_failure_is_not_available) ... ok
test_all_filtered_rows_with_quoting (test_export.ExportTests.test_all_filtered_rows_with_quoting) ... ok
test_empty_csv_still_has_header (test_export.ExportTests.test_empty_csv_still_has_header) ... ok
test_formula_protection_and_raw_unchanged (test_export.ExportTests.test_formula_protection_and_raw_unchanged) ... ok
test_incomplete_capture_never_passes (test_harness.HarnessTests.test_incomplete_capture_never_passes) ... ok
test_loss_or_wrong_clock_never_passes (test_harness.HarnessTests.test_loss_or_wrong_clock_never_passes) ... ok
test_missing_marker_or_queue_event_fails (test_harness.HarnessTests.test_missing_marker_or_queue_event_fails) ... ok
test_missing_oracle_id_fails (test_harness.HarnessTests.test_missing_oracle_id_fails) ... ok
test_valid_independent_evidence (test_harness.HarnessTests.test_valid_independent_evidence) ... ok
test_boost_and_release_order (test_inversion_assertions.PriorityAssertionTests.test_boost_and_release_order) ... ok
test_loss_is_indeterminate (test_inversion_assertions.PriorityAssertionTests.test_loss_is_indeterminate) ... ok
test_missing_inheritance_is_not_success (test_inversion_assertions.PriorityAssertionTests.test_missing_inheritance_is_not_success) ... ok
test_wrong_order_fails (test_inversion_assertions.PriorityAssertionTests.test_wrong_order_fails) ... ok
test_controlled_improvement (test_logger_assertions.LoggerAssertionTests.test_controlled_improvement) ... ok
test_missing_work_fails (test_logger_assertions.LoggerAssertionTests.test_missing_work_fails) ... ok
test_mixed_source_or_clock_fails (test_logger_assertions.LoggerAssertionTests.test_mixed_source_or_clock_fails) ... ok
test_no_improvement_or_different_work_fails (test_logger_assertions.LoggerAssertionTests.test_no_improvement_or_different_work_fails) ... ok
test_density_and_truncation_parity (test_offline.OfflineTests.test_density_and_truncation_parity) ... ok
test_empty_parity (test_offline.OfflineTests.test_empty_parity) ... ok
test_export_self_contained_and_safe (test_offline.OfflineTests.test_export_self_contained_and_safe) ... ok
test_query_and_csv_parity (test_offline.OfflineTests.test_query_and_csv_parity) ... ok
test_real_captures_parity (test_offline.OfflineTests.test_real_captures_parity) ... ok
test_reject_input_overwrite_and_bad_psf (test_offline.OfflineTests.test_reject_input_overwrite_and_bad_psf) ... ok
test_script_terminator_payload_is_inert (test_offline.OfflineTests.test_script_terminator_payload_is_inert) ... ok
test_clean_tree_returns_full_commit (test_provenance.ProvenanceTests.test_clean_tree_returns_full_commit) ... ok
test_hash_mismatch_or_missing_file_is_rejected (test_provenance.ProvenanceTests.test_hash_mismatch_or_missing_file_is_rejected) ... ok
test_tracked_edit_is_rejected (test_provenance.ProvenanceTests.test_tracked_edit_is_rejected) ... ok
test_untracked_source_is_rejected (test_provenance.ProvenanceTests.test_untracked_source_is_rejected) ... ok
test_actor_object_channel_and_literal_search (test_query.QueryTests.test_actor_object_channel_and_literal_search) ... ok
test_empty_window_data_is_explicit (test_query.QueryTests.test_empty_window_data_is_explicit) ... ok
test_half_open_numeric_sort_and_page (test_query.QueryTests.test_half_open_numeric_sort_and_page) ... ok
test_invalid_query_rejected (test_query.QueryTests.test_invalid_query_rejected) ... ok
test_null_last_ties_and_large_ticks (test_query.QueryTests.test_null_last_ties_and_large_ticks) ... ok
test_task_visibility_does_not_change_denominator (test_query.QueryTests.test_task_visibility_does_not_change_denominator) ... ok
test_signal_display_limit_has_explicit_scope (test_review_regressions.ReviewRegressionTests.test_signal_display_limit_has_explicit_scope) ... ok
test_signed_counter_matches_formatted_value_in_both_schemas (test_review_regressions.ReviewRegressionTests.test_signed_counter_matches_formatted_value_in_both_schemas) ... ok
test_unknown_and_zero_windows_survive_metrics_csv (test_review_regressions.ReviewRegressionTests.test_unknown_and_zero_windows_survive_metrics_csv) ... ok
test_allowlist (test_runner.RunnerTests.test_allowlist) ... ok
test_timeout_keeps_manifest_console_and_nonzero (test_runner.RunnerTests.test_timeout_keeps_manifest_console_and_nonzero) ... ok
test_unique_run_directories (test_runner.RunnerTests.test_unique_run_directories) ... ok
test_desktop_cycles_and_counter (test_semantic.SemanticTests.test_desktop_cycles_and_counter) ... ok
test_freertos_notifications_preserve_actor_and_target (test_semantic.SemanticTests.test_freertos_notifications_preserve_actor_and_target) ... ok
test_gap_invalidates_actor_until_switch (test_semantic.SemanticTests.test_gap_invalidates_actor_until_switch) ... ok
test_id_dispatch_uses_platform (test_semantic.SemanticTests.test_id_dispatch_uses_platform) ... ok
test_literal_percent_and_negative_integer (test_semantic.SemanticTests.test_literal_percent_and_negative_integer) ... ok
test_malformed_known_event_is_rejected (test_semantic.SemanticTests.test_malformed_known_event_is_rejected) ... ok
test_name_padding_and_large_handle (test_semantic.SemanticTests.test_name_padding_and_large_handle) ... ok
test_object_address_reuse_does_not_merge_lifetimes (test_semantic.SemanticTests.test_object_address_reuse_does_not_merge_lifetimes) ... ok
test_poc_user_event_fields (test_semantic.SemanticTests.test_poc_user_event_fields) ... ok
test_sdk_no_task_sentinel_is_not_a_running_task (test_semantic.SemanticTests.test_sdk_no_task_sentinel_is_not_a_running_task) ... ok
test_unknown_event_preserves_payload (test_semantic.SemanticTests.test_unknown_event_preserves_payload) ... ok
test_unresolved_fixed_string_is_reported (test_semantic.SemanticTests.test_unresolved_fixed_string_is_reported) ... ok
test_unsupported_format_is_kept_literal (test_semantic.SemanticTests.test_unsupported_format_is_kept_literal) ... ok
test_unsupported_timer_has_no_derived_time (test_semantic.SemanticTests.test_unsupported_timer_has_no_derived_time) ... ok
test_wrap_and_equal_timestamp (test_semantic.SemanticTests.test_wrap_and_equal_timestamp) ... ok
test_wrong_platform_schema_is_rejected (test_semantic.SemanticTests.test_wrong_platform_schema_is_rejected) ... ok
test_bad_inputs_and_host (test_server.ServerTests.test_bad_inputs_and_host) ... ok
test_concurrent_uploads_obey_quota (test_server.ServerTests.test_concurrent_uploads_obey_quota) ... ok
test_large_http_body_rejected_before_parse (test_server.ServerTests.test_large_http_body_rejected_before_parse) ... ok
test_partial_warning_and_run_comparisons (test_server.ServerTests.test_partial_warning_and_run_comparisons) ... ok
test_resource_limits_and_recovery (test_server.ServerTests.test_resource_limits_and_recovery) ... ok
test_upload_query_view_and_all_csv (test_server.ServerTests.test_upload_query_view_and_all_csv) ... ok
test_zero_frequency_and_missing_run (test_server.ServerTests.test_zero_frequency_and_missing_run) ... ok
test_failed_parse_leaves_no_committed_trace (test_store.StoreTests.test_failed_parse_leaves_no_committed_trace) ... ok
test_names_are_display_only_and_persist (test_store.StoreTests.test_names_are_display_only_and_persist) ... ok
test_quota_and_unknown_ids (test_store.StoreTests.test_quota_and_unknown_ids) ... ok
test_timeout_still_records_all_21_attempts_and_fails (test_suite.SuiteTests.test_timeout_still_records_all_21_attempts_and_fails) ... ok
test_cross_line_store_and_cold_restart (test_tcp_cache.SplitCacheTests.test_cross_line_store_and_cold_restart) ... ok
test_instruction_data_share_l2_but_have_separate_l1 (test_tcp_cache.SplitCacheTests.test_instruction_data_share_l2_but_have_separate_l1) ... ok
test_reject_unknown_access (test_tcp_cache.SplitCacheTests.test_reject_unknown_access) ... ok
test_rfc1071_example (test_tcp_checksum.ChecksumTests.test_rfc1071_example) ... ok
test_upstream_algorithms_alignment_and_lengths (test_tcp_checksum.ChecksumTests.test_upstream_algorithms_alignment_and_lengths) ... ok
test_independent_packet_oracle (test_tcp_packets.PacketTests.test_independent_packet_oracle) ... ok
test_reject_corrupted_payload (test_tcp_packets.PacketTests.test_reject_corrupted_payload) ... ok
test_reject_truncation (test_tcp_packets.PacketTests.test_reject_truncation) ... ok
test_missing_runs_rejected (test_tcp_report.TCPReportTests.test_missing_runs_rejected) ... ok
test_real_capture_and_optimization (test_tcp_report.TCPReportTests.test_real_capture_and_optimization) ... ok
test_ack_beyond_transmitted_data_rejected (test_tcp_session.SessionTests.test_ack_beyond_transmitted_data_rejected) ... ok
test_complete_bidirectional_session (test_tcp_session.SessionTests.test_complete_bidirectional_session) ... ok
test_missing_final_ack_rejected (test_tcp_session.SessionTests.test_missing_final_ack_rejected) ... ok
test_resource_leak_and_retained_buffer_rejected (test_tcp_session.SessionTests.test_resource_leak_and_retained_buffer_rejected) ... ok
test_unexpected_extra_packet_rejected (test_tcp_session.SessionTests.test_unexpected_extra_packet_rejected) ... ok
test_wrong_payload_rejected_even_if_length_matches (test_tcp_session.SessionTests.test_wrong_payload_rejected_even_if_length_matches) ... ok

----------------------------------------------------------------------
Ran 133 tests in 5.646s

OK
