# QEMU configure log Sun Oct  4 22:57:36 CST 2026
# Configured with: '.tools/qemu-time-control/qemu-9.2.0/configure' '--help'

#

funcs: do_compiler do_cc compile_object check_define main
lines: 119 124 334 343 0
cc -c -o config-temp/qemu-conf.o config-temp/qemu-conf.c
config-temp/qemu-conf.c:2:2: error: __linux__ not defined
    2 | #error __linux__ not defined
      |  ^
1 error generated.

funcs: do_compiler do_cc compile_object check_define main
lines: 119 124 334 345 0
cc -c -o config-temp/qemu-conf.o config-temp/qemu-conf.c
config-temp/qemu-conf.c:2:2: error: _WIN32 not defined
    2 | #error _WIN32 not defined
      |  ^
1 error generated.

funcs: do_compiler do_cc compile_object check_define main
lines: 119 124 334 347 0
cc -c -o config-temp/qemu-conf.o config-temp/qemu-conf.c
config-temp/qemu-conf.c:2:2: error: __OpenBSD__ not defined
    2 | #error __OpenBSD__ not defined
      |  ^
1 error generated.

funcs: do_compiler do_cc compile_object check_define main
lines: 119 124 334 349 0
cc -c -o config-temp/qemu-conf.o config-temp/qemu-conf.c
config-temp/qemu-conf.c:2:2: error: __sun__ not defined
    2 | #error __sun__ not defined
      |  ^
1 error generated.

funcs: do_compiler do_cc compile_object check_define main
lines: 119 124 334 351 0
cc -c -o config-temp/qemu-conf.o config-temp/qemu-conf.c
config-temp/qemu-conf.c:2:2: error: __HAIKU__ not defined
    2 | #error __HAIKU__ not defined
      |  ^
1 error generated.

funcs: do_compiler do_cc compile_object check_define main
lines: 119 124 334 353 0
cc -c -o config-temp/qemu-conf.o config-temp/qemu-conf.c
config-temp/qemu-conf.c:2:2: error: __FreeBSD__ not defined
    2 | #error __FreeBSD__ not defined
      |  ^
1 error generated.

funcs: do_compiler do_cc compile_object check_define main
lines: 119 124 334 355 0
cc -c -o config-temp/qemu-conf.o config-temp/qemu-conf.c
config-temp/qemu-conf.c:2:2: error: __FreeBSD_kernel__ not defined
    2 | #error __FreeBSD_kernel__ not defined
      |  ^
1 error generated.

funcs: do_compiler do_cc compile_object check_define main
lines: 119 124 334 357 0
cc -c -o config-temp/qemu-conf.o config-temp/qemu-conf.c
config-temp/qemu-conf.c:2:2: error: __DragonFly__ not defined
    2 | #error __DragonFly__ not defined
      |  ^
1 error generated.

funcs: do_compiler do_cc compile_object check_define main
lines: 119 124 334 359 0
cc -c -o config-temp/qemu-conf.o config-temp/qemu-conf.c
config-temp/qemu-conf.c:2:2: error: __NetBSD__ not defined
    2 | #error __NetBSD__ not defined
      |  ^
1 error generated.

funcs: do_compiler do_cc compile_object check_define main
lines: 119 124 334 361 0
cc -c -o config-temp/qemu-conf.o config-temp/qemu-conf.c

funcs: do_compiler do_cc compile_object check_define main
lines: 119 124 334 373 0
cc -c -o config-temp/qemu-conf.o config-temp/qemu-conf.c
config-temp/qemu-conf.c:2:2: error: __i386__ not defined
    2 | #error __i386__ not defined
      |  ^
1 error generated.

funcs: do_compiler do_cc compile_object check_define main
lines: 119 124 334 375 0
cc -c -o config-temp/qemu-conf.o config-temp/qemu-conf.c
config-temp/qemu-conf.c:2:2: error: __x86_64__ not defined
    2 | #error __x86_64__ not defined
      |  ^
1 error generated.

funcs: do_compiler do_cc compile_object check_define main
lines: 119 124 334 381 0
cc -c -o config-temp/qemu-conf.o config-temp/qemu-conf.c
config-temp/qemu-conf.c:2:2: error: __sparc__ not defined
    2 | #error __sparc__ not defined
      |  ^
1 error generated.

funcs: do_compiler do_cc compile_object check_define main
lines: 119 124 334 387 0
cc -c -o config-temp/qemu-conf.o config-temp/qemu-conf.c
config-temp/qemu-conf.c:2:2: error: _ARCH_PPC not defined
    2 | #error _ARCH_PPC not defined
      |  ^
1 error generated.

funcs: do_compiler do_cc compile_object check_define main
lines: 119 124 334 397 0
cc -c -o config-temp/qemu-conf.o config-temp/qemu-conf.c
config-temp/qemu-conf.c:2:2: error: __mips__ not defined
    2 | #error __mips__ not defined
      |  ^
1 error generated.

funcs: do_compiler do_cc compile_object check_define main
lines: 119 124 334 403 0
cc -c -o config-temp/qemu-conf.o config-temp/qemu-conf.c
config-temp/qemu-conf.c:2:2: error: __s390__ not defined
    2 | #error __s390__ not defined
      |  ^
1 error generated.

funcs: do_compiler do_cc compile_object check_define main
lines: 119 124 334 409 0
cc -c -o config-temp/qemu-conf.o config-temp/qemu-conf.c
config-temp/qemu-conf.c:2:2: error: __riscv not defined
    2 | #error __riscv not defined
      |  ^
1 error generated.

funcs: do_compiler do_cc compile_object check_define main
lines: 119 124 334 415 0
cc -c -o config-temp/qemu-conf.o config-temp/qemu-conf.c
config-temp/qemu-conf.c:2:2: error: __arm__ not defined
    2 | #error __arm__ not defined
      |  ^
1 error generated.

funcs: do_compiler do_cc compile_object check_define main
lines: 119 124 334 417 0
cc -c -o config-temp/qemu-conf.o config-temp/qemu-conf.c

funcs: do_compiler do_cc compile_object check_64bit_host main
lines: 119 124 541 544 0
cc -c -o config-temp/qemu-conf.o config-temp/qemu-conf.c
