{"run": "enabled-0-1", "enabled": false, "repeat": 1, "accepted": true, "exit_code": 0, "host_wall_seconds": 1.5813289579818957, "clint_mmio_excluded": 0, "tcp": {"request_bytes": 2920, "unique_response_bytes": 11680, "packets": 27}, "pbuf_receipt": {"requests": 2, "nodes": 2, "empty_nodes": 0}, "switches": [], "audit": {"events": 603827, "operations": {"I": 487397, "R": 70119, "W": 46311}, "cycles": 1509519, "ns": 3019038, "costs": {"l1i": 487920, "l1d": 116430, "l2": 383400, "ram_read": 12348, "ram_write": 509421}, "stream_sha256": "9f185162d2dccf5824cf91467c67b9a4911bb61e6d62b49946ff7e93a26f6e2c"}, "measurement": {"case": "tcp_request_response", "before": 3026, "after": 7903, "before_tick": 0, "ticks": 0, "work": 11680, "woke": 0, "observer_tick": 0, "observer_mtime": 0}}
{"run": "enabled-0-2", "enabled": false, "repeat": 2, "accepted": true, "exit_code": 0, "host_wall_seconds": 0.8287234590388834, "clint_mmio_excluded": 0, "tcp": {"request_bytes": 2920, "unique_response_bytes": 11680, "packets": 27}, "pbuf_receipt": {"requests": 2, "nodes": 2, "empty_nodes": 0}, "switches": [], "audit": {"events": 603827, "operations": {"I": 487397, "R": 70119, "W": 46311}, "cycles": 1509519, "ns": 3019038, "costs": {"l1i": 487920, "l1d": 116430, "l2": 383400, "ram_read": 12348, "ram_write": 509421}, "stream_sha256": "9f185162d2dccf5824cf91467c67b9a4911bb61e6d62b49946ff7e93a26f6e2c"}, "measurement": {"case": "tcp_request_response", "before": 3026, "after": 7903, "before_tick": 0, "ticks": 0, "work": 11680, "woke": 0, "observer_tick": 0, "observer_mtime": 0}}
{"run": "enabled-0-3", "enabled": false, "repeat": 3, "accepted": true, "exit_code": 0, "host_wall_seconds": 1.1066493749967776, "clint_mmio_excluded": 0, "tcp": {"request_bytes": 2920, "unique_response_bytes": 11680, "packets": 27}, "pbuf_receipt": {"requests": 2, "nodes": 2, "empty_nodes": 0}, "switches": [], "audit": {"events": 603827, "operations": {"I": 487397, "R": 70119, "W": 46311}, "cycles": 1509519, "ns": 3019038, "costs": {"l1i": 487920, "l1d": 116430, "l2": 383400, "ram_read": 12348, "ram_write": 509421}, "stream_sha256": "9f185162d2dccf5824cf91467c67b9a4911bb61e6d62b49946ff7e93a26f6e2c"}, "measurement": {"case": "tcp_request_response", "before": 3026, "after": 7903, "before_tick": 0, "ticks": 0, "work": 11680, "woke": 0, "observer_tick": 0, "observer_mtime": 0}}
{"run": "enabled-1-1", "enabled": true, "repeat": 1, "accepted": true, "exit_code": 0, "host_wall_seconds": 2.0952577920397744, "clint_mmio_excluded": 39, "tcp": {"request_bytes": 2920, "unique_response_bytes": 11680, "packets": 27}, "pbuf_receipt": {"requests": 2, "nodes": 2, "empty_nodes": 0}, "switches": [{"name": "tcp_observer", "mtime": 23068}, {"name": "tcp_session", "mtime": 23423}], "audit": {"events": 610577, "operations": {"I": 492248, "R": 71227, "W": 47102}, "cycles": 1537544, "ns": 3075088, "costs": {"l1i": 492791, "l1d": 118329, "l2": 391760, "ram_read": 16542, "ram_write": 518122}, "stream_sha256": "3647d1798a2c9d6cfbfe8e0e786401b22b1c15187da6879e604f55c0766635c1"}, "measurement": {"case": "tcp_request_response", "before": 3026, "after": 38702, "before_tick": 0, "ticks": 3, "work": 11680, "woke": 1, "observer_tick": 2, "observer_mtime": 23087}}
{"run": "enabled-1-2", "enabled": true, "repeat": 2, "accepted": true, "exit_code": 0, "host_wall_seconds": 2.604015332995914, "clint_mmio_excluded": 39, "tcp": {"request_bytes": 2920, "unique_response_bytes": 11680, "packets": 27}, "pbuf_receipt": {"requests": 2, "nodes": 2, "empty_nodes": 0}, "switches": [{"name": "tcp_observer", "mtime": 23068}, {"name": "tcp_session", "mtime": 23423}], "audit": {"events": 610577, "operations": {"I": 492248, "R": 71227, "W": 47102}, "cycles": 1537544, "ns": 3075088, "costs": {"l1i": 492791, "l1d": 118329, "l2": 391760, "ram_read": 16542, "ram_write": 518122}, "stream_sha256": "3647d1798a2c9d6cfbfe8e0e786401b22b1c15187da6879e604f55c0766635c1"}, "measurement": {"case": "tcp_request_response", "before": 3026, "after": 38702, "before_tick": 0, "ticks": 3, "work": 11680, "woke": 1, "observer_tick": 2, "observer_mtime": 23087}}
{"run": "enabled-1-3", "enabled": true, "repeat": 3, "accepted": true, "exit_code": 0, "host_wall_seconds": 2.2101955839898437, "clint_mmio_excluded": 39, "tcp": {"request_bytes": 2920, "unique_response_bytes": 11680, "packets": 27}, "pbuf_receipt": {"requests": 2, "nodes": 2, "empty_nodes": 0}, "switches": [{"name": "tcp_observer", "mtime": 23068}, {"name": "tcp_session", "mtime": 23423}], "audit": {"events": 610577, "operations": {"I": 492248, "R": 71227, "W": 47102}, "cycles": 1537544, "ns": 3075088, "costs": {"l1i": 492791, "l1d": 118329, "l2": 391760, "ram_read": 16542, "ram_write": 518122}, "stream_sha256": "3647d1798a2c9d6cfbfe8e0e786401b22b1c15187da6879e604f55c0766635c1"}, "measurement": {"case": "tcp_request_response", "before": 3026, "after": 38702, "before_tick": 0, "ticks": 3, "work": 11680, "woke": 1, "observer_tick": 2, "observer_mtime": 23087}}
[
  {
    "accepted": true,
    "repeat": 1,
    "extra_guest_ns": 3079900,
    "injected_service_ns": 3075088,
    "extra_instruction_ns": 4851,
    "expected_extra_ns": 3079939,
    "error_ns": -39,
    "tolerance_ns": 200,
    "active_ticks": 3,
    "observer_tick": 2
  },
  {
    "accepted": true,
    "repeat": 2,
    "extra_guest_ns": 3079900,
    "injected_service_ns": 3075088,
    "extra_instruction_ns": 4851,
    "expected_extra_ns": 3079939,
    "error_ns": -39,
    "tolerance_ns": 200,
    "active_ticks": 3,
    "observer_tick": 2
  },
  {
    "accepted": true,
    "repeat": 3,
    "extra_guest_ns": 3079900,
    "injected_service_ns": 3075088,
    "extra_instruction_ns": 4851,
    "expected_extra_ns": 3079939,
    "error_ns": -39,
    "tolerance_ns": 200,
    "active_ticks": 3,
    "observer_tick": 2
  }
]
