{"run": "enabled-0-1", "enabled": false, "repeat": 1, "accepted": true, "exit_code": 0, "host_wall_seconds": 1.5274357500020415, "clint_mmio_excluded": 0, "tcp": {"request_bytes": 126, "unique_response_bytes": 11680, "packets": 25}, "pbuf_receipt": {"requests": 2, "nodes": 2, "empty_nodes": 0}, "switches": [], "audit": {"events": 417500, "operations": {"I": 336809, "R": 48733, "W": 31958}, "cycles": 1048032, "ns": 2096064, "costs": {"l1i": 337627, "l1d": 80691, "l2": 268024, "ram_read": 10152, "ram_write": 351538}, "stream_sha256": "acb75d075a1d215eaa1f2e49e29c74c245e5f24a403d5eb9c2638c21aa582f3b"}, "measurement": {"case": "tcp_request_response", "before": 3016, "after": 6386, "before_tick": 0, "ticks": 0, "work": 11680, "woke": 0, "observer_tick": 0, "observer_mtime": 0}}
{"run": "enabled-0-2", "enabled": false, "repeat": 2, "accepted": true, "exit_code": 0, "host_wall_seconds": 0.346327833016403, "clint_mmio_excluded": 0, "tcp": {"request_bytes": 126, "unique_response_bytes": 11680, "packets": 25}, "pbuf_receipt": {"requests": 2, "nodes": 2, "empty_nodes": 0}, "switches": [], "audit": {"events": 417500, "operations": {"I": 336809, "R": 48733, "W": 31958}, "cycles": 1048032, "ns": 2096064, "costs": {"l1i": 337627, "l1d": 80691, "l2": 268024, "ram_read": 10152, "ram_write": 351538}, "stream_sha256": "acb75d075a1d215eaa1f2e49e29c74c245e5f24a403d5eb9c2638c21aa582f3b"}, "measurement": {"case": "tcp_request_response", "before": 3016, "after": 6386, "before_tick": 0, "ticks": 0, "work": 11680, "woke": 0, "observer_tick": 0, "observer_mtime": 0}}
{"run": "enabled-0-3", "enabled": false, "repeat": 3, "accepted": true, "exit_code": 0, "host_wall_seconds": 0.5004805829958059, "clint_mmio_excluded": 0, "tcp": {"request_bytes": 126, "unique_response_bytes": 11680, "packets": 25}, "pbuf_receipt": {"requests": 2, "nodes": 2, "empty_nodes": 0}, "switches": [], "audit": {"events": 417500, "operations": {"I": 336809, "R": 48733, "W": 31958}, "cycles": 1048032, "ns": 2096064, "costs": {"l1i": 337627, "l1d": 80691, "l2": 268024, "ram_read": 10152, "ram_write": 351538}, "stream_sha256": "acb75d075a1d215eaa1f2e49e29c74c245e5f24a403d5eb9c2638c21aa582f3b"}, "measurement": {"case": "tcp_request_response", "before": 3016, "after": 6386, "before_tick": 0, "ticks": 0, "work": 11680, "woke": 0, "observer_tick": 0, "observer_mtime": 0}}
{"run": "enabled-1-1", "enabled": true, "repeat": 1, "accepted": true, "exit_code": 0, "host_wall_seconds": 1.3604234169470146, "clint_mmio_excluded": 33, "tcp": {"request_bytes": 126, "unique_response_bytes": 11680, "packets": 25}, "pbuf_receipt": {"requests": 2, "nodes": 2, "empty_nodes": 0}, "switches": [{"name": "tcp_observer", "mtime": 23058}, {"name": "tcp_session", "mtime": 23412}], "audit": {"events": 423784, "operations": {"I": 341360, "R": 49748, "W": 32676}, "cycles": 1073072, "ns": 2146144, "costs": {"l1i": 342196, "l1d": 82424, "l2": 275552, "ram_read": 13464, "ram_write": 359436}, "stream_sha256": "46048819fafd132d2e5a48b174e0defc87361eafe28217bb83a7df4b4bdcccbd"}, "measurement": {"case": "tcp_request_response", "before": 3016, "after": 27893, "before_tick": 0, "ticks": 2, "work": 11680, "woke": 1, "observer_tick": 2, "observer_mtime": 23076}}
{"run": "enabled-1-2", "enabled": true, "repeat": 2, "accepted": true, "exit_code": 0, "host_wall_seconds": 1.7788358750403859, "clint_mmio_excluded": 33, "tcp": {"request_bytes": 126, "unique_response_bytes": 11680, "packets": 25}, "pbuf_receipt": {"requests": 2, "nodes": 2, "empty_nodes": 0}, "switches": [{"name": "tcp_observer", "mtime": 23058}, {"name": "tcp_session", "mtime": 23412}], "audit": {"events": 423784, "operations": {"I": 341360, "R": 49748, "W": 32676}, "cycles": 1073072, "ns": 2146144, "costs": {"l1i": 342196, "l1d": 82424, "l2": 275552, "ram_read": 13464, "ram_write": 359436}, "stream_sha256": "46048819fafd132d2e5a48b174e0defc87361eafe28217bb83a7df4b4bdcccbd"}, "measurement": {"case": "tcp_request_response", "before": 3016, "after": 27893, "before_tick": 0, "ticks": 2, "work": 11680, "woke": 1, "observer_tick": 2, "observer_mtime": 23076}}
{"run": "enabled-1-3", "enabled": true, "repeat": 3, "accepted": true, "exit_code": 0, "host_wall_seconds": 1.3459497909643687, "clint_mmio_excluded": 33, "tcp": {"request_bytes": 126, "unique_response_bytes": 11680, "packets": 25}, "pbuf_receipt": {"requests": 2, "nodes": 2, "empty_nodes": 0}, "switches": [{"name": "tcp_observer", "mtime": 23058}, {"name": "tcp_session", "mtime": 23412}], "audit": {"events": 423784, "operations": {"I": 341360, "R": 49748, "W": 32676}, "cycles": 1073072, "ns": 2146144, "costs": {"l1i": 342196, "l1d": 82424, "l2": 275552, "ram_read": 13464, "ram_write": 359436}, "stream_sha256": "46048819fafd132d2e5a48b174e0defc87361eafe28217bb83a7df4b4bdcccbd"}, "measurement": {"case": "tcp_request_response", "before": 3016, "after": 27893, "before_tick": 0, "ticks": 2, "work": 11680, "woke": 1, "observer_tick": 2, "observer_mtime": 23076}}
[
  {
    "accepted": true,
    "repeat": 1,
    "extra_guest_ns": 2150700,
    "injected_service_ns": 2146144,
    "extra_instruction_ns": 4551,
    "expected_extra_ns": 2150695,
    "error_ns": 5,
    "tolerance_ns": 200,
    "active_ticks": 2,
    "observer_tick": 2
  },
  {
    "accepted": true,
    "repeat": 2,
    "extra_guest_ns": 2150700,
    "injected_service_ns": 2146144,
    "extra_instruction_ns": 4551,
    "expected_extra_ns": 2150695,
    "error_ns": 5,
    "tolerance_ns": 200,
    "active_ticks": 2,
    "observer_tick": 2
  },
  {
    "accepted": true,
    "repeat": 3,
    "extra_guest_ns": 2150700,
    "injected_service_ns": 2146144,
    "extra_instruction_ns": 4551,
    "expected_extra_ns": 2150695,
    "error_ns": 5,
    "tolerance_ns": 200,
    "active_ticks": 2,
    "observer_tick": 2
  }
]
