{"run": "enabled-0-1", "enabled": false, "repeat": 1, "accepted": true, "exit_code": 0, "host_wall_seconds": 0.5633416249766015, "clint_mmio_excluded": 0, "tcp": {"request_bytes": 128, "unique_response_bytes": 11680, "packets": 25}, "switches": [], "audit": {"events": 405933, "operations": {"I": 325254, "R": 48726, "W": 31953}, "cycles": 1028309, "ns": 2056618, "costs": {"l1i": 327311, "l1d": 80679, "l2": 258864, "ram_read": 9972, "ram_write": 351483}, "stream_sha256": "e0081f126524ff44cccfbd467eb54399b5e62dcd859f02de67302fa06dfbdec6"}, "measurement": {"case": "tcp_request_response", "before": 3014, "after": 6269, "before_tick": 0, "ticks": 0, "work": 11680, "woke": 0, "observer_tick": 0, "observer_mtime": 0}}
{"run": "enabled-0-2", "enabled": false, "repeat": 2, "accepted": true, "exit_code": 0, "host_wall_seconds": 0.4006127080065198, "clint_mmio_excluded": 0, "tcp": {"request_bytes": 128, "unique_response_bytes": 11680, "packets": 25}, "switches": [], "audit": {"events": 405933, "operations": {"I": 325254, "R": 48726, "W": 31953}, "cycles": 1028309, "ns": 2056618, "costs": {"l1i": 327311, "l1d": 80679, "l2": 258864, "ram_read": 9972, "ram_write": 351483}, "stream_sha256": "e0081f126524ff44cccfbd467eb54399b5e62dcd859f02de67302fa06dfbdec6"}, "measurement": {"case": "tcp_request_response", "before": 3014, "after": 6269, "before_tick": 0, "ticks": 0, "work": 11680, "woke": 0, "observer_tick": 0, "observer_mtime": 0}}
{"run": "enabled-0-3", "enabled": false, "repeat": 3, "accepted": true, "exit_code": 0, "host_wall_seconds": 0.17830600001616403, "clint_mmio_excluded": 0, "tcp": {"request_bytes": 128, "unique_response_bytes": 11680, "packets": 25}, "switches": [], "audit": {"events": 405933, "operations": {"I": 325254, "R": 48726, "W": 31953}, "cycles": 1028309, "ns": 2056618, "costs": {"l1i": 327311, "l1d": 80679, "l2": 258864, "ram_read": 9972, "ram_write": 351483}, "stream_sha256": "e0081f126524ff44cccfbd467eb54399b5e62dcd859f02de67302fa06dfbdec6"}, "measurement": {"case": "tcp_request_response", "before": 3014, "after": 6269, "before_tick": 0, "ticks": 0, "work": 11680, "woke": 0, "observer_tick": 0, "observer_mtime": 0}}
{"run": "enabled-1-1", "enabled": true, "repeat": 1, "accepted": true, "exit_code": 0, "host_wall_seconds": 0.444465541979298, "clint_mmio_excluded": 33, "tcp": {"request_bytes": 128, "unique_response_bytes": 11680, "packets": 25}, "switches": [{"name": "tcp_observer", "mtime": 23050}, {"name": "tcp_session", "mtime": 23403}], "audit": {"events": 412217, "operations": {"I": 329805, "R": 49741, "W": 32671}, "cycles": 1051746, "ns": 2103492, "costs": {"l1i": 331881, "l1d": 82412, "l2": 265976, "ram_read": 12096, "ram_write": 359381}, "stream_sha256": "ce39838dcdd2a1bad43ffec32cf73530d873fe1e2deddd20c1e70d12e982552e"}, "measurement": {"case": "tcp_request_response", "before": 3014, "after": 27350, "before_tick": 0, "ticks": 2, "work": 11680, "woke": 1, "observer_tick": 2, "observer_mtime": 23068}}
{"run": "enabled-1-2", "enabled": true, "repeat": 2, "accepted": true, "exit_code": 0, "host_wall_seconds": 0.4498164589749649, "clint_mmio_excluded": 33, "tcp": {"request_bytes": 128, "unique_response_bytes": 11680, "packets": 25}, "switches": [{"name": "tcp_observer", "mtime": 23050}, {"name": "tcp_session", "mtime": 23403}], "audit": {"events": 412217, "operations": {"I": 329805, "R": 49741, "W": 32671}, "cycles": 1051746, "ns": 2103492, "costs": {"l1i": 331881, "l1d": 82412, "l2": 265976, "ram_read": 12096, "ram_write": 359381}, "stream_sha256": "ce39838dcdd2a1bad43ffec32cf73530d873fe1e2deddd20c1e70d12e982552e"}, "measurement": {"case": "tcp_request_response", "before": 3014, "after": 27350, "before_tick": 0, "ticks": 2, "work": 11680, "woke": 1, "observer_tick": 2, "observer_mtime": 23068}}
{"run": "enabled-1-3", "enabled": true, "repeat": 3, "accepted": true, "exit_code": 0, "host_wall_seconds": 0.4944998340215534, "clint_mmio_excluded": 33, "tcp": {"request_bytes": 128, "unique_response_bytes": 11680, "packets": 25}, "switches": [{"name": "tcp_observer", "mtime": 23050}, {"name": "tcp_session", "mtime": 23403}], "audit": {"events": 412217, "operations": {"I": 329805, "R": 49741, "W": 32671}, "cycles": 1051746, "ns": 2103492, "costs": {"l1i": 331881, "l1d": 82412, "l2": 265976, "ram_read": 12096, "ram_write": 359381}, "stream_sha256": "ce39838dcdd2a1bad43ffec32cf73530d873fe1e2deddd20c1e70d12e982552e"}, "measurement": {"case": "tcp_request_response", "before": 3014, "after": 27350, "before_tick": 0, "ticks": 2, "work": 11680, "woke": 1, "observer_tick": 2, "observer_mtime": 23068}}
[
  {
    "accepted": true,
    "repeat": 1,
    "extra_guest_ns": 2108100,
    "injected_service_ns": 2103492,
    "extra_instruction_ns": 4551,
    "expected_extra_ns": 2108043,
    "error_ns": 57,
    "tolerance_ns": 200,
    "active_ticks": 2,
    "observer_tick": 2
  },
  {
    "accepted": true,
    "repeat": 2,
    "extra_guest_ns": 2108100,
    "injected_service_ns": 2103492,
    "extra_instruction_ns": 4551,
    "expected_extra_ns": 2108043,
    "error_ns": 57,
    "tolerance_ns": 200,
    "active_ticks": 2,
    "observer_tick": 2
  },
  {
    "accepted": true,
    "repeat": 3,
    "extra_guest_ns": 2108100,
    "injected_service_ns": 2103492,
    "extra_instruction_ns": 4551,
    "expected_extra_ns": 2108043,
    "error_ns": 57,
    "tolerance_ns": 200,
    "active_ticks": 2,
    "observer_tick": 2
  }
]
